******************************************************************************
                  MSP430 Linker PC v4.2.1                      
******************************************************************************
>> Linked Wed Dec 07 20:03:16 2016

OUTPUT FILE NAME:   <224lab10tester.out>
ENTRY POINT SYMBOL: "_c_int00"  address: 000087c0


MEMORY CONFIGURATION

         name            origin    length      used     unused   attr    fill
----------------------  --------  ---------  --------  --------  ----  --------
  SFR                   00000000   00000010  00000000  00000010  RWIX
  PERIPHERALS_8BIT      00000010   000000f0  00000000  000000f0  RWIX
  PERIPHERALS_16BIT     00000100   00000100  00000000  00000100  RWIX
  RAM                   00000200   00000400  00000288  00000178  RWIX
  INFOD                 00001000   00000040  00000000  00000040  RWIX
  INFOC                 00001040   00000040  00000000  00000040  RWIX
  INFOB                 00001080   00000040  00000000  00000040  RWIX
  INFOA                 000010c0   00000040  00000000  00000040  RWIX
  FLASH                 00008000   00007fde  000008b0  0000772e  RWIX
  INT00                 0000ffe0   00000002  00000000  00000002  RWIX
  INT01                 0000ffe2   00000002  00000000  00000002  RWIX
  INT02                 0000ffe4   00000002  00000002  00000000  RWIX
  INT03                 0000ffe6   00000002  00000002  00000000  RWIX
  INT04                 0000ffe8   00000002  00000000  00000002  RWIX
  INT05                 0000ffea   00000002  00000002  00000000  RWIX
  INT06                 0000ffec   00000002  00000002  00000000  RWIX
  INT07                 0000ffee   00000002  00000002  00000000  RWIX
  INT08                 0000fff0   00000002  00000002  00000000  RWIX
  INT09                 0000fff2   00000002  00000002  00000000  RWIX
  INT10                 0000fff4   00000002  00000002  00000000  RWIX
  INT11                 0000fff6   00000002  00000000  00000002  RWIX
  INT12                 0000fff8   00000002  00000002  00000000  RWIX
  INT13                 0000fffa   00000002  00000002  00000000  RWIX
  INT14                 0000fffc   00000002  00000002  00000000  RWIX
  RESET                 0000fffe   00000002  00000002  00000000  RWIX


SECTION ALLOCATION MAP

 output                                  attributes/
section   page    origin      length       input sections
--------  ----  ----------  ----------   ----------------
.init_array 
*          0    00008000    00000000     UNINITIALIZED

.sysmem    0    00000200    000001d0     UNINITIALIZED
                  00000200    00000004     rts430_eabi.lib : memory.obj (.sysmem)
                  00000204    000001cc     --HOLE--

.bss       0    000003d0    00000032     UNINITIALIZED
                  000003d0    00000020     (.common:tcbs)
                  000003f0    00000008     (.common:mySem)
                  000003f8    00000002     (.common:ctid)
                  000003fa    00000002     (.common:i2c_fSCL)
                  000003fc    00000002     (.common:memsize)
                  000003fe    00000002     (.common:sys_base)
                  00000400    00000002     (.common:sys_free)

.TI.noinit 
*          0    000003d0    00000000     UNINITIALIZED

.data      0    00000402    00000006     UNINITIALIZED
                  00000402    00000004     rts430_eabi.lib : _lock.obj (.data)
                  00000406    00000002                     : memory.obj (.data)

.TI.persistent 
*          0    00000402    00000000     UNINITIALIZED

.stack     0    00000580    00000080     UNINITIALIZED
                  00000580    00000002     rts430_eabi.lib : boot.obj (.stack)
                  00000582    0000007e     --HOLE--

.text      0    00008000    00000894     
                  00008000    00000178     RBX430-1.obj (.text:ERROR2)
                  00008178    000000c0     RBX430-1.obj (.text:RBX430_init)
                  00008238    000000a8     rts430_eabi.lib : memory.obj (.text:malloc)
                  000082e0    000000a6     pthreads.obj (.text:pthread_create)
                  00008386    00000098     pthreadsISR.obj (.text)
                  0000841e    00000080     rts430_eabi.lib : memory.obj (.text:free)
                  0000849e    0000007a     pthreads.obj (.text:pthread_init)
                  00008518    00000060     pthreads.obj (.text:pthread_exit)
                  00008578    0000005e     rts430_eabi.lib : copy_decompress_rle.obj (.text:__TI_decompress_rle_core)
                  000085d6    0000005e                     : autoinit.obj (.text:_auto_init)
                  00008634    00000058     main.obj (.text:main)
                  0000868c    0000004a     pthreads.obj (.text:sem_signal)
                  000086d6    00000040     pthreads.obj (.text:sem_wait)
                  00008716    00000038     rts430_eabi.lib : memory.obj (.text:minit)
                  0000874e    0000002c     RBX430-1.obj (.text:ISR_trap)
                  0000877a    00000024     main.obj (.text:WDT_ISR)
                  0000879e    00000022     pthreads.obj (.text:semaphore_create)
                  000087c0    0000001a     rts430_eabi.lib : boot.obj (.text:_c_int00_noexit)
                  000087da    00000018     pthreads.obj (.text:init_stack)
                  000087f2    00000014     rts430_eabi.lib : copy_zero_init.obj (.text:decompress:ZI:__TI_zero_init)
                  00008806    00000014                     : memset.obj (.text:memset)
                  0000881a    00000014     pthreads.obj (.text:timerA_init)
                  0000882e    00000012     rts430_eabi.lib : copy_decompress_none.obj (.text:decompress:none:__TI_decompress_none)
                  00008840    00000012                     : memcpy.obj (.text:memcpy)
                  00008852    00000012     main.obj (.text:my_thread)
                  00008864    00000010     rts430_eabi.lib : epilog.obj (.text)
                  00008874    00000008     RBX430-1.obj (.text:ADC10_ISR)
                  0000887c    00000008     pthreads.obj (.text:pthread_yield)
                  00008884    00000006     rts430_eabi.lib : copy_decompress_rle.obj (.text:decompress:rle24:__TI_decompress_rle24)
                  0000888a    00000004                     : pre_init.obj (.text:_system_pre_init)
                  0000888e    00000004                     : exit.obj (.text:abort)
                  00008892    00000002                     : _lock.obj (.text:_nop)

.cinit     0    00008894    0000001c     
                  00008894    0000000a     (.cinit..data.load) [load image]
                  0000889e    00000006     (__TI_handler_table)
                  000088a4    00000004     (.cinit..bss.load) [load image, compression = zero_init]
                  000088a8    00000008     (__TI_cinit_table)

PORT1      0    0000ffe4    00000002     
                  0000ffe4    00000002     rts430_eabi.lib : int02.obj (.int02)

PORT2      0    0000ffe6    00000002     
                  0000ffe6    00000002     rts430_eabi.lib : int03.obj (.int03)

ADC10      0    0000ffea    00000002     
                  0000ffea    00000002     RBX430-1.obj (.int05)

USCIAB0TX 
*          0    0000ffec    00000002     
                  0000ffec    00000002     rts430_eabi.lib : int06.obj (.int06)

USCIAB0RX 
*          0    0000ffee    00000002     
                  0000ffee    00000002     rts430_eabi.lib : int07.obj (.int07)

TIMERA1    0    0000fff0    00000002     
                  0000fff0    00000002     pthreadsISR.obj (.int08)

TIMERA0    0    0000fff2    00000002     
                  0000fff2    00000002     rts430_eabi.lib : int09.obj (.int09)

WDT        0    0000fff4    00000002     
                  0000fff4    00000002     main.obj (.int10)

TIMERB1    0    0000fff8    00000002     
                  0000fff8    00000002     rts430_eabi.lib : int12.obj (.int12)

TIMERB0    0    0000fffa    00000002     
                  0000fffa    00000002     rts430_eabi.lib : int13.obj (.int13)

NMI        0    0000fffc    00000002     
                  0000fffc    00000002     rts430_eabi.lib : int14.obj (.int14)

.reset     0    0000fffe    00000002     
                  0000fffe    00000002     rts430_eabi.lib : boot.obj (.reset)


LINKER GENERATED COPY TABLES

__TI_cinit_table @ 000088a8 records: 2, size/record: 4, table size: 8
	.data: load addr=00008894, load size=0000000a bytes, run addr=00000402, run size=00000006 bytes, compression=copy
	.bss: load addr=000088a4, load size=00000004 bytes, run addr=000003d0, run size=00000032 bytes, compression=zero_init


LINKER GENERATED HANDLER TABLE

__TI_handler_table @ 0000889e records: 3, size/record: 2, table size: 6
	index: 0, handler: __TI_zero_init
	index: 1, handler: __TI_decompress_rle24
	index: 2, handler: __TI_decompress_none


GLOBAL SYMBOLS: SORTED ALPHABETICALLY BY Name 

address    name
--------   ----
0000004a   ADC10AE0
0000004b   ADC10AE1
000001b0   ADC10CTL0
000001b2   ADC10CTL1
00000048   ADC10DTC0
00000049   ADC10DTC1
000001b4   ADC10MEM
000001bc   ADC10SA
00008874   ADC10_ISR
00000057   BCSCTL1
00000058   BCSCTL2
00000053   BCSCTL3
0000888e   C$$EXIT
000010fb   CALBC1_12MHZ
000010f9   CALBC1_16MHZ
000010ff   CALBC1_1MHZ
000010fd   CALBC1_8MHZ
000010fa   CALDCO_12MHZ
000010f8   CALDCO_16MHZ
000010fe   CALDCO_1MHZ
000010fc   CALDCO_8MHZ
00000056   DCOCTL
00008000   ERROR2
00000128   FCTL1
0000012a   FCTL2
0000012c   FCTL3
00000000   IE1
00000001   IE2
00000002   IFG1
00000003   IFG2
0000874e   ISR_trap
000000c0   OA0CTL0
000000c1   OA0CTL1
000000c2   OA1CTL0
000000c3   OA1CTL1
00000022   P1DIR
00000025   P1IE
00000024   P1IES
00000023   P1IFG
00000020   P1IN
00000021   P1OUT
00000027   P1REN
00000026   P1SEL
0000002a   P2DIR
0000002d   P2IE
0000002c   P2IES
0000002b   P2IFG
00000028   P2IN
00000029   P2OUT
0000002f   P2REN
0000002e   P2SEL
0000001a   P3DIR
00000018   P3IN
00000019   P3OUT
00000010   P3REN
0000001b   P3SEL
0000001e   P4DIR
0000001c   P4IN
0000001d   P4OUT
00000011   P4REN
0000001f   P4SEL
00008178   RBX430_init
00000172   TACCR0
00000174   TACCR1
00000176   TACCR2
00000162   TACCTL0
00000164   TACCTL1
00000166   TACCTL2
00000160   TACTL
0000012e   TAIV
00000170   TAR
00008386   TA_isr
00000192   TBCCR0
00000194   TBCCR1
00000196   TBCCR2
00000182   TBCCTL0
00000184   TBCCTL1
00000186   TBCCTL2
00000180   TBCTL
0000011e   TBIV
00000190   TBR
0000005d   UCA0ABCTL
00000062   UCA0BR0
00000063   UCA0BR1
00000060   UCA0CTL0
00000061   UCA0CTL1
0000005f   UCA0IRRCTL
0000005e   UCA0IRTCTL
00000064   UCA0MCTL
00000066   UCA0RXBUF
00000065   UCA0STAT
00000067   UCA0TXBUF
0000006a   UCB0BR0
0000006b   UCB0BR1
00000068   UCB0CTL0
00000069   UCB0CTL1
0000006c   UCB0I2CIE
00000118   UCB0I2COA
0000011a   UCB0I2CSA
0000006e   UCB0RXBUF
0000006d   UCB0STAT
0000006f   UCB0TXBUF
00000120   WDTCTL
0000877a   WDT_ISR
00000600   __STACK_END
00000080   __STACK_SIZE
000001d0   __SYSMEM_SIZE
000088a8   __TI_CINIT_Base
000088b0   __TI_CINIT_Limit
0000889e   __TI_Handler_Table_Base
000088a4   __TI_Handler_Table_Limit
UNDEFED    __TI_INITARRAY_Base
UNDEFED    __TI_INITARRAY_Limit
0000874e   __TI_ISR_TRAP
00000001   __TI_args_main
0000882e   __TI_decompress_none
00008884   __TI_decompress_rle24
00000001   __TI_exit
0000ffe4   __TI_int02
0000ffe6   __TI_int03
0000ffea   __TI_int05
0000ffec   __TI_int06
0000ffee   __TI_int07
0000fff0   __TI_int08
0000fff2   __TI_int09
0000fff4   __TI_int10
0000fff8   __TI_int12
0000fffa   __TI_int13
0000fffc   __TI_int14
000087f2   __TI_zero_init
ffffffff   __binit__
ffffffff   __c_args__
00008870   __mspabi_func_epilog_1
0000886e   __mspabi_func_epilog_2
0000886c   __mspabi_func_epilog_3
0000886a   __mspabi_func_epilog_4
00008868   __mspabi_func_epilog_5
00008866   __mspabi_func_epilog_6
00008864   __mspabi_func_epilog_7
000085d6   _auto_init
000087c0   _c_int00
000087c0   _c_int00_noexit
00000402   _lock
00008892   _nop
0000fffe   _reset_vector
00000580   _stack
00000200   _sys_memory
0000888a   _system_pre_init
00000404   _unlock
0000888e   abort
ffffffff   binit
000003f8   ctid
0000841e   free
000003fa   i2c_fSCL
000087da   init_stack
00008634   main
00008238   malloc
00008840   memcpy
00008806   memset
00008716   minit
000003f0   mySem
00008852   my_thread
000082e0   pthread_create
00008518   pthread_exit
0000849e   pthread_init
0000887c   pthread_yield
0000868c   sem_signal
000086d6   sem_wait
0000879e   semaphore_create
000003d0   tcbs
0000881a   timerA_init


GLOBAL SYMBOLS: SORTED BY Symbol Address 

address    name
--------   ----
00000000   IE1
00000001   IE2
00000001   __TI_args_main
00000001   __TI_exit
00000002   IFG1
00000003   IFG2
00000010   P3REN
00000011   P4REN
00000018   P3IN
00000019   P3OUT
0000001a   P3DIR
0000001b   P3SEL
0000001c   P4IN
0000001d   P4OUT
0000001e   P4DIR
0000001f   P4SEL
00000020   P1IN
00000021   P1OUT
00000022   P1DIR
00000023   P1IFG
00000024   P1IES
00000025   P1IE
00000026   P1SEL
00000027   P1REN
00000028   P2IN
00000029   P2OUT
0000002a   P2DIR
0000002b   P2IFG
0000002c   P2IES
0000002d   P2IE
0000002e   P2SEL
0000002f   P2REN
00000048   ADC10DTC0
00000049   ADC10DTC1
0000004a   ADC10AE0
0000004b   ADC10AE1
00000053   BCSCTL3
00000056   DCOCTL
00000057   BCSCTL1
00000058   BCSCTL2
0000005d   UCA0ABCTL
0000005e   UCA0IRTCTL
0000005f   UCA0IRRCTL
00000060   UCA0CTL0
00000061   UCA0CTL1
00000062   UCA0BR0
00000063   UCA0BR1
00000064   UCA0MCTL
00000065   UCA0STAT
00000066   UCA0RXBUF
00000067   UCA0TXBUF
00000068   UCB0CTL0
00000069   UCB0CTL1
0000006a   UCB0BR0
0000006b   UCB0BR1
0000006c   UCB0I2CIE
0000006d   UCB0STAT
0000006e   UCB0RXBUF
0000006f   UCB0TXBUF
00000080   __STACK_SIZE
000000c0   OA0CTL0
000000c1   OA0CTL1
000000c2   OA1CTL0
000000c3   OA1CTL1
00000118   UCB0I2COA
0000011a   UCB0I2CSA
0000011e   TBIV
00000120   WDTCTL
00000128   FCTL1
0000012a   FCTL2
0000012c   FCTL3
0000012e   TAIV
00000160   TACTL
00000162   TACCTL0
00000164   TACCTL1
00000166   TACCTL2
00000170   TAR
00000172   TACCR0
00000174   TACCR1
00000176   TACCR2
00000180   TBCTL
00000182   TBCCTL0
00000184   TBCCTL1
00000186   TBCCTL2
00000190   TBR
00000192   TBCCR0
00000194   TBCCR1
00000196   TBCCR2
000001b0   ADC10CTL0
000001b2   ADC10CTL1
000001b4   ADC10MEM
000001bc   ADC10SA
000001d0   __SYSMEM_SIZE
00000200   _sys_memory
000003d0   tcbs
000003f0   mySem
000003f8   ctid
000003fa   i2c_fSCL
00000402   _lock
00000404   _unlock
00000580   _stack
00000600   __STACK_END
000010f8   CALDCO_16MHZ
000010f9   CALBC1_16MHZ
000010fa   CALDCO_12MHZ
000010fb   CALBC1_12MHZ
000010fc   CALDCO_8MHZ
000010fd   CALBC1_8MHZ
000010fe   CALDCO_1MHZ
000010ff   CALBC1_1MHZ
00008000   ERROR2
00008178   RBX430_init
00008238   malloc
000082e0   pthread_create
00008386   TA_isr
0000841e   free
0000849e   pthread_init
00008518   pthread_exit
000085d6   _auto_init
00008634   main
0000868c   sem_signal
000086d6   sem_wait
00008716   minit
0000874e   ISR_trap
0000874e   __TI_ISR_TRAP
0000877a   WDT_ISR
0000879e   semaphore_create
000087c0   _c_int00
000087c0   _c_int00_noexit
000087da   init_stack
000087f2   __TI_zero_init
00008806   memset
0000881a   timerA_init
0000882e   __TI_decompress_none
00008840   memcpy
00008852   my_thread
00008864   __mspabi_func_epilog_7
00008866   __mspabi_func_epilog_6
00008868   __mspabi_func_epilog_5
0000886a   __mspabi_func_epilog_4
0000886c   __mspabi_func_epilog_3
0000886e   __mspabi_func_epilog_2
00008870   __mspabi_func_epilog_1
00008874   ADC10_ISR
0000887c   pthread_yield
00008884   __TI_decompress_rle24
0000888a   _system_pre_init
0000888e   C$$EXIT
0000888e   abort
00008892   _nop
0000889e   __TI_Handler_Table_Base
000088a4   __TI_Handler_Table_Limit
000088a8   __TI_CINIT_Base
000088b0   __TI_CINIT_Limit
0000ffe4   __TI_int02
0000ffe6   __TI_int03
0000ffea   __TI_int05
0000ffec   __TI_int06
0000ffee   __TI_int07
0000fff0   __TI_int08
0000fff2   __TI_int09
0000fff4   __TI_int10
0000fff8   __TI_int12
0000fffa   __TI_int13
0000fffc   __TI_int14
0000fffe   _reset_vector
ffffffff   __binit__
ffffffff   __c_args__
ffffffff   binit
UNDEFED    __TI_INITARRAY_Base
UNDEFED    __TI_INITARRAY_Limit

[171 symbols]
